npm warn EBADENGINE Unsupported engine {
npm warn EBADENGINE   package: 'concurrently@10.0.4',
npm warn EBADENGINE   required: { node: '>=22' },
npm warn EBADENGINE   current: { node: 'v20.20.2', npm: '10.8.2' }
npm warn EBADENGINE }
npm warn deprecated node-domexception@1.0.0: Use your platform's native DOMException instead
npm warn deprecated glob@10.5.0: Old versions of glob are not supported, and contain widely publicized security vulnerabilities, which have been fixed in the current version. Please update. Support for old versions may be purchased (at exorbitant rates) by contacting i@izs.me

added 485 packages, and audited 486 packages in 11s

176 packages are looking for funding
  run `npm fund` for details

1 high severity vulnerability

To address all issues, run:
  npm audit fix

Run `npm audit` for details.

> youtube@0.1.0 build
> next build

⚠ No build cache found. Please configure build caching for faster rebuilds. Read more: https://nextjs.org/docs/messages/no-cache
Attention: Next.js now collects completely anonymous telemetry regarding usage.
This information is used to shape Next.js' roadmap and prioritize features.
You can learn more, including how to opt-out if you'd not like to participate in this anonymous program, by visiting the following URL:
https://nextjs.org/telemetry

▲ Next.js 16.2.12 (Turbopack)

  Creating an optimized production build ...
✓ Compiled successfully in 16.3s
  Running TypeScript ...
  Finished TypeScript in 14.7s ...
  Collecting page data using 3 workers ...
  Generating static pages using 3 workers (0/12) ...
  Generating static pages using 3 workers (3/12) 
  Generating static pages using 3 workers (6/12) 
  Generating static pages using 3 workers (9/12) 
✓ Generating static pages using 3 workers (12/12) in 302ms
  Finalizing page optimization ...

Route (app)
┌ ○ /
├ ○ /_not-found
├ ○ /analytics
├ ƒ /api/analytics/live
├ ƒ /api/auth/youtube
├ ƒ /api/auth/youtube/callback
├ ƒ /api/cron/sync
├ ƒ /api/dashboard
├ ƒ /api/health
├ ƒ /api/import
├ ƒ /api/plan
├ ƒ /api/settings
├ ƒ /api/sync
├ ƒ /api/trends
└ ○ /robots.txt


○  (Static)   prerendered as static content
ƒ  (Dynamic)  server-rendered on demand


EXIT_CODE=0
